// Jest Snapshot v1, https://goo.gl/fbAQLP

exports[`Testing of component <SearchBar /> Must do match with snapshot 1`] = `
<div>
   
  <header
    class="header"
  >
    <img
      alt="Mercado libre"
      class="header__image"
      src="[object Object]"
    />
    <form
      class="header__form"
    >
      <input
        maxlength="30"
        name="search"
        placeholder="Nunca dejes de buscar"
        type="text"
        value=""
      />
      <button
        type="submit"
      />
    </form>
  </header>
   
</div>
`;
